id=8011: хвоста нет, пропуск
id=8023: stem 454→214 симв., критерии approved (must=2), provenance=manual_web
id=8041: stem 498→229 симв., критерии approved (must=2), provenance=manual_web
id=8052: stem 569→228 симв., критерии approved (must=3), provenance=manual_web
id=8064: хвоста нет, пропуск
id=8075: хвоста нет, пропуск
id=8085: stem 677→303 симв., критерии approved (must=2), provenance=manual_web
id=8097: stem 629→339 симв., критерии approved (must=2), provenance=manual_web
id=8108: stem 576→233 симв., критерии approved (must=3), provenance=manual_web
id=8119: stem 496→277 симв., критерии approved (must=2), provenance=manual_web
id=8153: stem 667→279 симв., критерии approved (must=3), provenance=manual_web
id=8164: stem 860→477 симв., критерии approved (must=2), provenance=manual_web
id=8172: stem 674→488 симв., критерии approved (must=1), provenance=manual_web
id=8173: stem 691→318 симв., критерии approved (must=2), provenance=manual_web
id=8185: stem 494→320 симв., критерии approved (must=2), provenance=manual_web
id=8186: stem 436→160 симв., критерии approved (must=1), provenance=manual_web
id=8187: stem 864→450 симв., критерии approved (must=2), provenance=manual_web
id=8196: stem 503→155 симв., критерии approved (must=1), provenance=manual_web
id=8197: stem 763→466 симв., критерии approved (must=2), provenance=manual_web
id=8198: stem 858→276 симв., критерии approved (must=2), provenance=manual_web
id=8206: stem 776→391 симв., критерии approved (must=2), provenance=manual_web
id=8220: stem 757→448 симв., критерии approved (must=2), provenance=manual_web
id=8231: stem 911→311 симв., критерии approved (must=3), provenance=manual_web
id=8239: stem 909→515 симв., критерии approved (must=3), provenance=manual_web
id=8251: хвоста нет, пропуск
id=8252: stem 662→337 симв., критерии approved (must=2), provenance=manual_web
id=8276: хвоста нет, пропуск
id=8278: stem 773→386 симв., критерии approved (must=2), provenance=manual_web
id=8289: хвоста нет, пропуск
id=8290: stem 699→410 симв., критерии approved (must=2), provenance=manual_web
id=8301: stem 577→222 симв., критерии approved (must=2), provenance=manual_web
id=8302: stem 941→502 симв., критерии approved (must=2), provenance=manual_web
id=8312: хвоста нет, пропуск
id=8313: stem 461→195 симв., критерии approved (must=2), provenance=manual_web
id=8314: stem 848→322 симв., критерии approved (must=2), provenance=manual_web
id=8325: хвоста нет, пропуск
id=8337: хвоста нет, пропуск
id=8345: stem 466→297 симв., критерии approved (must=2), provenance=manual_web
id=8346: stem 642→334 симв., критерии approved (must=2), provenance=manual_web
id=8358: stem 419→228 симв., критерии approved (must=2), provenance=manual_web
id=8359: stem 522→257 симв., критерии approved (must=3), provenance=manual_web
id=8370: stem 599→333 симв., критерии approved (must=3), provenance=manual_web
id=8381: stem 593→285 симв., критерии approved (must=4), provenance=manual_web
id=8392: stem 573→318 симв., критерии approved (must=2), provenance=manual_web
id=8403: stem 750→392 симв., критерии approved (must=3), provenance=manual_web
id=8415: stem 945→528 симв., критерии approved (must=4), provenance=manual_web
id=8426: stem 1187→744 симв., критерии approved (must=3), provenance=manual_web
id=8435: stem 862→432 симв., критерии approved (must=2), provenance=manual_web
id=8446: stem 583→268 симв., критерии approved (must=2), provenance=manual_web
id=8457: stem 774→398 симв., критерии approved (must=2), provenance=manual_web
id=8469: stem 646→268 симв., критерии approved (must=2), provenance=manual_web
id=8470: stem 904→461 симв., критерии approved (must=3), provenance=manual_web
id=8480: stem 772→376 симв., критерии approved (must=2), provenance=manual_web
id=8481: stem 921→467 симв., критерии approved (must=3), provenance=manual_web
id=8491: stem 1071→540 симв., критерии approved (must=3), provenance=manual_web
id=8492: stem 1134→624 симв., критерии approved (must=4), provenance=manual_web
id=8691: stem 644→211 симв., критерии approved (must=3), provenance=manual_web
id=8708: stem 501→137 симв., критерии approved (must=2), provenance=manual_web
id=8718: stem 580→212 симв., критерии approved (must=2), provenance=manual_web
id=8735: stem 425→139 симв., критерии approved (must=2), provenance=manual_web
id=8752: stem 510→133 симв., критерии approved (must=3), provenance=manual_web
id=8985: stem 479→126 симв., критерии approved (must=2), provenance=manual_web
id=8986: stem 740→383 симв., критерии approved (must=2), provenance=manual_web
id=8995: stem 402→108 симв., критерии approved (must=2), provenance=manual_web
id=8996: stem 634→338 симв., критерии approved (must=2), provenance=manual_web
id=9005: stem 420→142 симв., критерии approved (must=2), provenance=manual_web
id=9006: stem 849→431 симв., критерии approved (must=2), provenance=manual_web
id=9015: stem 538→150 симв., критерии approved (must=2), provenance=manual_web
id=9016: stem 683→316 симв., критерии approved (must=2), provenance=manual_web
id=9025: stem 532→211 симв., критерии approved (must=2), provenance=manual_web
id=9026: stem 739→376 симв., критерии approved (must=3), provenance=manual_web
id=9035: stem 544→177 симв., критерии approved (must=2), provenance=manual_web
id=9036: stem 931→397 симв., критерии approved (must=2), provenance=manual_web
id=9165: stem 499→167 симв., критерии approved (must=2), provenance=manual_web
id=9166: stem 767→370 симв., критерии approved (must=3), provenance=manual_web
id=9175: stem 528→254 симв., критерии approved (must=2), provenance=manual_web
id=9176: stem 784→413 симв., критерии approved (must=2), provenance=manual_web
id=9185: stem 572→360 симв., критерии approved (must=2), provenance=manual_web
id=9186: stem 856→496 симв., критерии approved (must=2), provenance=manual_web
id=9195: stem 716→451 симв., критерии approved (must=2), provenance=manual_web
id=9196: stem 876→363 симв., критерии approved (must=2), provenance=manual_web
id=9205: stem 551→238 симв., критерии approved (must=2), provenance=manual_web
id=9206: stem 832→447 симв., критерии approved (must=2), provenance=manual_web
id=9215: stem 659→297 симв., критерии approved (must=2), provenance=manual_web
id=9216: stem 975→553 симв., критерии approved (must=3), provenance=manual_web
id=9225: stem 635→229 симв., критерии approved (must=2), provenance=manual_web
id=9226: stem 1067→431 симв., критерии approved (must=3), provenance=manual_web
id=9235: stem 468→205 симв., критерии approved (must=2), provenance=manual_web
id=9236: stem 818→369 симв., критерии approved (must=3), provenance=manual_web
id=9245: stem 403→106 симв., критерии approved (must=2), provenance=manual_web
id=9246: stem 561→262 симв., критерии approved (must=2), provenance=manual_web
id=9255: stem 752→424 симв., критерии approved (must=2), provenance=manual_web
id=9256: stem 810→293 симв., критерии approved (must=2), provenance=manual_web
id=9265: stem 614→253 симв., критерии approved (must=2), provenance=manual_web
id=9266: stem 832→435 симв., критерии approved (must=3), provenance=manual_web
id=9275: stem 513→198 симв., критерии approved (must=2), provenance=manual_web
id=9276: stem 814→417 симв., критерии approved (must=2), provenance=manual_web
id=9285: stem 704→334 симв., критерии approved (must=3), provenance=manual_web
id=9286: stem 779→421 симв., критерии approved (must=2), provenance=manual_web
id=9295: stem 786→358 симв., критерии approved (must=3), provenance=manual_web
id=9296: stem 839→405 симв., критерии approved (must=2), provenance=manual_web
id=9305: stem 558→231 симв., критерии approved (must=3), provenance=manual_web
id=9306: stem 793→390 симв., критерии approved (must=3), provenance=manual_web
id=9315: stem 674→326 симв., критерии approved (must=3), provenance=manual_web
id=9316: stem 1096→599 симв., критерии approved (must=3), provenance=manual_web
id=9325: stem 549→193 симв., критерии approved (must=3), provenance=manual_web
Traceback (most recent call last):
  File "C:\Python314\Lib\urllib\request.py", line 1321, in do_open
    h.request(req.get_method(), req.selector, req.data, headers,
    ~~~~~~~~~^^^^^^^^^^^^^^^^^^^^^^^^^^^^^^^^^^^^^^^^^^^^^^^^^^^
              encode_chunked=req.has_header('Transfer-encoding'))
              ^^^^^^^^^^^^^^^^^^^^^^^^^^^^^^^^^^^^^^^^^^^^^^^^^^^
  File "C:\Python314\Lib\http\client.py", line 1358, in request
    self._send_request(method, url, body, headers, encode_chunked)
    ~~~~~~~~~~~~~~~~~~^^^^^^^^^^^^^^^^^^^^^^^^^^^^^^^^^^^^^^^^^^^^
  File "C:\Python314\Lib\http\client.py", line 1404, in _send_request
    self.endheaders(body, encode_chunked=encode_chunked)
    ~~~~~~~~~~~~~~~^^^^^^^^^^^^^^^^^^^^^^^^^^^^^^^^^^^^^
  File "C:\Python314\Lib\http\client.py", line 1353, in endheaders
    self._send_output(message_body, encode_chunked=encode_chunked)
    ~~~~~~~~~~~~~~~~~^^^^^^^^^^^^^^^^^^^^^^^^^^^^^^^^^^^^^^^^^^^^^
  File "C:\Python314\Lib\http\client.py", line 1113, in _send_output
    self.send(msg)
    ~~~~~~~~~^^^^^
  File "C:\Python314\Lib\http\client.py", line 1057, in send
    self.connect()
    ~~~~~~~~~~~~^^
  File "C:\Python314\Lib\http\client.py", line 1499, in connect
    self.sock = self._context.wrap_socket(self.sock,
                ~~~~~~~~~~~~~~~~~~~~~~~~~^^^^^^^^^^^
                                          server_hostname=server_hostname)
                                          ^^^^^^^^^^^^^^^^^^^^^^^^^^^^^^^^
  File "C:\Python314\Lib\ssl.py", line 455, in wrap_socket
    return self.sslsocket_class._create(
           ~~~~~~~~~~~~~~~~~~~~~~~~~~~~^
        sock=sock,
        ^^^^^^^^^^
    ...<5 lines>...
        session=session
        ^^^^^^^^^^^^^^^
    )
    ^
  File "C:\Python314\Lib\ssl.py", line 1076, in _create
    self.do_handshake()
    ~~~~~~~~~~~~~~~~~^^
  File "C:\Python314\Lib\ssl.py", line 1372, in do_handshake
    self._sslobj.do_handshake()
    ~~~~~~~~~~~~~~~~~~~~~~~~~^^
ssl.SSLEOFError: [SSL: UNEXPECTED_EOF_WHILE_READING] EOF occurred in violation of protocol (_ssl.c:1081)

During handling of the above exception, another exception occurred:

Traceback (most recent call last):
  File "D:\Work\LMS\scripts\tsk947_move_criteria.py", line 357, in <module>
    raise SystemExit(main())
                     ~~~~^^
  File "D:\Work\LMS\scripts\tsk947_move_criteria.py", line 349, in main
    run_lms(ids, apply=args.apply, add_criteria=args.with_reference, status=args.status,
    ~~~~~~~^^^^^^^^^^^^^^^^^^^^^^^^^^^^^^^^^^^^^^^^^^^^^^^^^^^^^^^^^^^^^^^^^^^^^^^^^^^^^
            report=args.report)
            ^^^^^^^^^^^^^^^^^^^
  File "D:\Work\LMS\scripts\tsk947_move_criteria.py", line 271, in run_lms
    current = _api("GET", f"/tasks/{task_id}")
  File "D:\Work\LMS\scripts\tsk947_move_criteria.py", line 215, in _api
    with urllib.request.urlopen(req, timeout=60) as resp:
         ~~~~~~~~~~~~~~~~~~~~~~^^^^^^^^^^^^^^^^^
  File "C:\Python314\Lib\urllib\request.py", line 187, in urlopen
    return opener.open(url, data, timeout)
           ~~~~~~~~~~~^^^^^^^^^^^^^^^^^^^^
  File "C:\Python314\Lib\urllib\request.py", line 487, in open
    response = self._open(req, data)
  File "C:\Python314\Lib\urllib\request.py", line 504, in _open
    result = self._call_chain(self.handle_open, protocol, protocol +
                              '_open', req)
  File "C:\Python314\Lib\urllib\request.py", line 464, in _call_chain
    result = func(*args)
  File "C:\Python314\Lib\urllib\request.py", line 1369, in https_open
    return self.do_open(http.client.HTTPSConnection, req,
           ~~~~~~~~~~~~^^^^^^^^^^^^^^^^^^^^^^^^^^^^^^^^^^
                        context=self._context)
                        ^^^^^^^^^^^^^^^^^^^^^^
  File "C:\Python314\Lib\urllib\request.py", line 1324, in do_open
    raise URLError(err)
urllib.error.URLError: <urlopen error [SSL: UNEXPECTED_EOF_WHILE_READING] EOF occurred in violation of protocol (_ssl.c:1081)>
